Copyright 1986-2019 Xilinx, Inc. All Rights Reserved.
----------------------------------------------------------------------------------------
| Tool Version : Vivado v.2019.1 (lin64) Build 2552052 Fri May 24 14:47:09 MDT 2019
| Date         : Tue May 17 19:05:00 2022
| Host         : Popsicle running 64-bit Zorin OS 16.1
| Command      : report_control_sets -verbose -file CommandUnit_control_sets_placed.rpt
| Design       : CommandUnit
| Device       : xc7a35ti
----------------------------------------------------------------------------------------

Control Set Information

Table of Contents
-----------------
1. Summary
2. Histogram
3. Flip-Flop Distribution
4. Detailed Control Set Information

1. Summary
----------

+----------------------------------------------------------+-------+
|                          Status                          | Count |
+----------------------------------------------------------+-------+
| Total control sets                                       |    14 |
|    Minimum number of control sets                        |    14 |
|    Addition due to synthesis replication                 |     0 |
|    Addition due to physical synthesis replication        |     0 |
| Unused register locations in slices containing registers |    46 |
+----------------------------------------------------------+-------+
* Control sets can be merged at opt_design using control_set_merge or merge_equivalent_drivers
** Run report_qor_suggestions for automated merging and remapping suggestions


2. Histogram
------------

+--------------------+-------+
|       Fanout       | Count |
+--------------------+-------+
| Total control sets |    14 |
| >= 0 to < 4        |     3 |
| >= 4 to < 6        |     1 |
| >= 6 to < 8        |     1 |
| >= 8 to < 10       |     0 |
| >= 10 to < 12      |     0 |
| >= 12 to < 14      |     1 |
| >= 14 to < 16      |     0 |
| >= 16              |     8 |
+--------------------+-------+
* Control sets can be remapped at either synth_design or opt_design


3. Flip-Flop Distribution
-------------------------

+--------------+-----------------------+------------------------+-----------------+--------------+
| Clock Enable | Synchronous Set/Reset | Asynchronous Set/Reset | Total Registers | Total Slices |
+--------------+-----------------------+------------------------+-----------------+--------------+
| No           | No                    | No                     |              22 |            7 |
| No           | No                    | Yes                    |              84 |           31 |
| No           | Yes                   | No                     |               0 |            0 |
| Yes          | No                    | No                     |              71 |           19 |
| Yes          | No                    | Yes                    |               2 |            1 |
| Yes          | Yes                   | No                     |              31 |            9 |
+--------------+-----------------------+------------------------+-----------------+--------------+


4. Detailed Control Set Information
-----------------------------------

+----------------------------+--------------------------------------------------------------+--------------------------------------------+------------------+----------------+
|        Clock Signal        |                         Enable Signal                        |              Set/Reset Signal              | Slice Load Count | Bel Load Count |
+----------------------------+--------------------------------------------------------------+--------------------------------------------+------------------+----------------+
|  Clock_IBUF_BUFG           |                                                              | Reset_IBUF                                 |                1 |              1 |
| ~MouseClock_IBUF_BUFG      |                                                              |                                            |                1 |              1 |
| ~Clock_IBUF_BUFG           | Display_Number/Binary_To_BCD/FSM_sequential_State[1]_i_1_n_0 | Display_Number/NextAnode[0]                |                1 |              2 |
| ~Clock_IBUF_BUFG           | Display_Number/Binary_To_BCD/vBuff[31]_i_1_n_0               |                                            |                1 |              4 |
|  MouseClock_IBUF_BUFG      |                                                              | Reset_IBUF                                 |                2 |              6 |
| ~Clock_IBUF_BUFG           | Display_Number/Binary_To_BCD/vBuff[27]_i_1_n_0               |                                            |                6 |             12 |
| ~Clock_IBUF_BUFG           |                                                              | Reset_IBUF                                 |               12 |             16 |
| ~Clock_IBUF_BUFG           | Display_Number/Binary_To_BCD/vBuff[15]_i_1_n_0               |                                            |                2 |             16 |
| ~Clock_IBUF_BUFG           | Display_Number/Binary_To_BCD/BCD0                            |                                            |                3 |             16 |
| ~Decode_Message/NewMessage |                                                              | Reset_IBUF                                 |                6 |             18 |
|  Clock_IBUF_BUFG           |                                                              |                                            |                6 |             21 |
| ~MouseClock_IBUF_BUFG      | Decode_Message/MouseMessage[LeftClick]_i_1_n_0               |                                            |                7 |             23 |
| ~Clock_IBUF_BUFG           | Display_Number/Binary_To_BCD/I0                              | Display_Number/Binary_To_BCD/I[30]_i_1_n_0 |                9 |             31 |
| ~MouseClock_IBUF_BUFG      |                                                              | Reset_IBUF                                 |               10 |             43 |
+----------------------------+--------------------------------------------------------------+--------------------------------------------+------------------+----------------+


